../Core/Src/dma.c:94:13:cb_tc	0	static
../Core/Src/dma.c:107:13:cb_m1tc	0	static
../Core/Src/dma.c:117:13:cb_m1ht	0	static
../Core/Src/dma.c:123:13:cb_err	0	static
../Core/Src/dma.c:101:13:cb_ht	0	static
../Core/Src/dma.c:23:6:led_dma_init	8	static
../Core/Src/dma.c:36:19:led_dma_start	16	static
../Core/Src/dma.c:52:6:led_dma_is_mem_free	0	static
../Core/Src/dma.c:57:6:led_dma_mark_filled	0	static
../Core/Src/dma.c:63:19:led_dma_change_memory	0	static
../Core/Src/dma.c:72:10:led_dma_ndtr	0	static
../Core/Src/dma.c:77:10:led_dma_last_error	0	static
../Core/Src/dma.c:82:6:led_dma_irq_handler	0	static
../Core/Src/dma.c:87:20:led_dma_handle	0	static
